$ git add .
git commit -am 'initial commit add some comments here' 
$ git push -u origin main

if any non forward error use this
git push --force origin main

fetch specific branch data
$ git fetch <remote-repo> <remote-branch>:<local-branch>
$ git checkout <local-branch>


rollback previous commit
$ git reset --hard 15dafb94c25c3fa8861afabcf7d4d55cf926f7c7

git merge branchname

delete branch
git branch -D bn

rename branch
git branch -m <oldname> <newname>


